Archive member included to satisfy reference by file (symbol)

d:/iti/arm/02- tools/03- imt sdk/imt_sdk_win_64/imt_sdk_win_64/winarm/armgcc/bin/../lib/gcc/arm-none-eabi/7.2.1/../../../../arm-none-eabi/lib/thumb/v7e-m/fpv4-sp/softfp\libg_nano.a(lib_a-errno.o)
                              ./system/src/newlib/_sbrk.o (__errno)
d:/iti/arm/02- tools/03- imt sdk/imt_sdk_win_64/imt_sdk_win_64/winarm/armgcc/bin/../lib/gcc/arm-none-eabi/7.2.1/../../../../arm-none-eabi/lib/thumb/v7e-m/fpv4-sp/softfp\libg_nano.a(lib_a-impure.o)
                              d:/iti/arm/02- tools/03- imt sdk/imt_sdk_win_64/imt_sdk_win_64/winarm/armgcc/bin/../lib/gcc/arm-none-eabi/7.2.1/../../../../arm-none-eabi/lib/thumb/v7e-m/fpv4-sp/softfp\libg_nano.a(lib_a-errno.o) (_impure_ptr)
d:/iti/arm/02- tools/03- imt sdk/imt_sdk_win_64/imt_sdk_win_64/winarm/armgcc/bin/../lib/gcc/arm-none-eabi/7.2.1/../../../../arm-none-eabi/lib/thumb/v7e-m/fpv4-sp/softfp\libg_nano.a(lib_a-memcpy-stub.o)
                              ./src/queue.o (memcpy)
d:/iti/arm/02- tools/03- imt sdk/imt_sdk_win_64/imt_sdk_win_64/winarm/armgcc/bin/../lib/gcc/arm-none-eabi/7.2.1/../../../../arm-none-eabi/lib/thumb/v7e-m/fpv4-sp/softfp\libg_nano.a(lib_a-memset.o)
                              ./src/heap_4.o (memset)
d:/iti/arm/02- tools/03- imt sdk/imt_sdk_win_64/imt_sdk_win_64/winarm/armgcc/bin/../lib/gcc/arm-none-eabi/7.2.1/../../../../arm-none-eabi/lib/thumb/v7e-m/fpv4-sp/softfp\libg_nano.a(lib_a-strlen.o)
                              ./system/src/diag/Trace.o (strlen)
d:/iti/arm/02- tools/03- imt sdk/imt_sdk_win_64/imt_sdk_win_64/winarm/armgcc/bin/../lib/gcc/arm-none-eabi/7.2.1/../../../../arm-none-eabi/lib/thumb/v7e-m/fpv4-sp/softfp\libg_nano.a(lib_a-vsnprintf.o)
                              ./system/src/diag/Trace.o (vsnprintf)
d:/iti/arm/02- tools/03- imt sdk/imt_sdk_win_64/imt_sdk_win_64/winarm/armgcc/bin/../lib/gcc/arm-none-eabi/7.2.1/../../../../arm-none-eabi/lib/thumb/v7e-m/fpv4-sp/softfp\libg_nano.a(lib_a-nano-svfprintf.o)
                              d:/iti/arm/02- tools/03- imt sdk/imt_sdk_win_64/imt_sdk_win_64/winarm/armgcc/bin/../lib/gcc/arm-none-eabi/7.2.1/../../../../arm-none-eabi/lib/thumb/v7e-m/fpv4-sp/softfp\libg_nano.a(lib_a-vsnprintf.o) (_svfprintf_r)
d:/iti/arm/02- tools/03- imt sdk/imt_sdk_win_64/imt_sdk_win_64/winarm/armgcc/bin/../lib/gcc/arm-none-eabi/7.2.1/../../../../arm-none-eabi/lib/thumb/v7e-m/fpv4-sp/softfp\libg_nano.a(lib_a-nano-vfprintf_i.o)
                              d:/iti/arm/02- tools/03- imt sdk/imt_sdk_win_64/imt_sdk_win_64/winarm/armgcc/bin/../lib/gcc/arm-none-eabi/7.2.1/../../../../arm-none-eabi/lib/thumb/v7e-m/fpv4-sp/softfp\libg_nano.a(lib_a-nano-svfprintf.o) (_printf_i)
d:/iti/arm/02- tools/03- imt sdk/imt_sdk_win_64/imt_sdk_win_64/winarm/armgcc/bin/../lib/gcc/arm-none-eabi/7.2.1/../../../../arm-none-eabi/lib/thumb/v7e-m/fpv4-sp/softfp\libg_nano.a(lib_a-memchr.o)
                              d:/iti/arm/02- tools/03- imt sdk/imt_sdk_win_64/imt_sdk_win_64/winarm/armgcc/bin/../lib/gcc/arm-none-eabi/7.2.1/../../../../arm-none-eabi/lib/thumb/v7e-m/fpv4-sp/softfp\libg_nano.a(lib_a-nano-svfprintf.o) (memchr)
d:/iti/arm/02- tools/03- imt sdk/imt_sdk_win_64/imt_sdk_win_64/winarm/armgcc/bin/../lib/gcc/arm-none-eabi/7.2.1/../../../../arm-none-eabi/lib/thumb/v7e-m/fpv4-sp/softfp\libg_nano.a(lib_a-memmove.o)
                              d:/iti/arm/02- tools/03- imt sdk/imt_sdk_win_64/imt_sdk_win_64/winarm/armgcc/bin/../lib/gcc/arm-none-eabi/7.2.1/../../../../arm-none-eabi/lib/thumb/v7e-m/fpv4-sp/softfp\libg_nano.a(lib_a-nano-svfprintf.o) (memmove)
d:/iti/arm/02- tools/03- imt sdk/imt_sdk_win_64/imt_sdk_win_64/winarm/armgcc/bin/../lib/gcc/arm-none-eabi/7.2.1/../../../../arm-none-eabi/lib/thumb/v7e-m/fpv4-sp/softfp\libg_nano.a(lib_a-nano-freer.o)
                              d:/iti/arm/02- tools/03- imt sdk/imt_sdk_win_64/imt_sdk_win_64/winarm/armgcc/bin/../lib/gcc/arm-none-eabi/7.2.1/../../../../arm-none-eabi/lib/thumb/v7e-m/fpv4-sp/softfp\libg_nano.a(lib_a-nano-svfprintf.o) (_free_r)
d:/iti/arm/02- tools/03- imt sdk/imt_sdk_win_64/imt_sdk_win_64/winarm/armgcc/bin/../lib/gcc/arm-none-eabi/7.2.1/../../../../arm-none-eabi/lib/thumb/v7e-m/fpv4-sp/softfp\libg_nano.a(lib_a-nano-mallocr.o)
                              d:/iti/arm/02- tools/03- imt sdk/imt_sdk_win_64/imt_sdk_win_64/winarm/armgcc/bin/../lib/gcc/arm-none-eabi/7.2.1/../../../../arm-none-eabi/lib/thumb/v7e-m/fpv4-sp/softfp\libg_nano.a(lib_a-nano-svfprintf.o) (_malloc_r)
d:/iti/arm/02- tools/03- imt sdk/imt_sdk_win_64/imt_sdk_win_64/winarm/armgcc/bin/../lib/gcc/arm-none-eabi/7.2.1/../../../../arm-none-eabi/lib/thumb/v7e-m/fpv4-sp/softfp\libg_nano.a(lib_a-nano-reallocr.o)
                              d:/iti/arm/02- tools/03- imt sdk/imt_sdk_win_64/imt_sdk_win_64/winarm/armgcc/bin/../lib/gcc/arm-none-eabi/7.2.1/../../../../arm-none-eabi/lib/thumb/v7e-m/fpv4-sp/softfp\libg_nano.a(lib_a-nano-svfprintf.o) (_realloc_r)
[...]
Memory Configuration

Name             Origin             Length             Attributes
RAM              0x20000000         0x00010000         xrw
CCMRAM           0x10000000         0x00000000         xrw
FLASH            0x08000000         0x00040000         xr
FLASHB1          0x00000000         0x00000000         xr
EXTMEMB0         0x00000000         0x00000000         xr
EXTMEMB1         0x00000000         0x00000000         xr
EXTMEMB2         0x00000000         0x00000000         xr
EXTMEMB3         0x00000000         0x00000000         xr
*default*        0x00000000         0xffffffff

Linker script and memory map

LOAD ./system/src/stm32f4-hal/stm32f4xx_hal.o
LOAD ./system/src/stm32f4-hal/stm32f4xx_hal_cortex.o
LOAD ./system/src/stm32f4-hal/stm32f4xx_hal_dfsdm.o
LOAD ./system/src/stm32f4-hal/stm32f4xx_hal_flash.o
LOAD ./system/src/stm32f4-hal/stm32f4xx_hal_gpio.o
LOAD ./system/src/stm32f4-hal/stm32f4xx_hal_iwdg.o
LOAD ./system/src/stm32f4-hal/stm32f4xx_hal_pwr.o
LOAD ./system/src/stm32f4-hal/stm32f4xx_hal_rcc.o
LOAD ./system/src/newlib/_cxx.o
LOAD ./system/src/newlib/_exit.o
LOAD ./system/src/newlib/_sbrk.o
LOAD ./system/src/newlib/_startup.o
LOAD ./system/src/newlib/_syscalls.o
LOAD ./system/src/newlib/assert.o
LOAD ./system/src/diag/Trace.o
LOAD ./system/src/diag/trace_impl.o
LOAD ./system/src/cortexm/_initialize_hardware.o
LOAD ./system/src/cortexm/_reset_hardware.o
LOAD ./system/src/cortexm/exception_handlers.o
LOAD ./system/src/cmsis/system_stm32f4xx.o
LOAD ./system/src/cmsis/vectors_stm32f401xc.o
LOAD ./src/GPIO_Program.o
LOAD ./src/RCC_Program.o
LOAD ./src/croutine.o
LOAD ./src/event_groups.o
LOAD ./src/heap_4.o
LOAD ./src/list.o
LOAD ./src/main.o
LOAD ./src/port.o
LOAD ./src/queue.o
LOAD ./src/stream_buffer.o
LOAD ./src/tasks.o
LOAD ./src/timers.o
LOAD d:/iti/arm/02- tools/03- imt sdk/imt_sdk_win_64/imt_sdk_win_64/winarm/armgcc/bin/../lib/gcc/arm-none-eabi/7.2.1/../../../../arm-none-eabi/lib/thumb/v7e-m/fpv4-sp/softfp\libstdc++_nano.a
LOAD d:/iti/arm/02- tools/03- imt sdk/imt_sdk_win_64/imt_sdk_win_64/winarm/armgcc/bin/../lib/gcc/arm-none-eabi/7.2.1/../../../../arm-none-eabi/lib/thumb/v7e-m/fpv4-sp/softfp\libm.a
START GROUP
LOAD d:/iti/arm/02- tools/03- imt sdk/imt_sdk_win_64/imt_sdk_win_64/winarm/armgcc/bin/../lib/gcc/arm-none-eabi/7.2.1/thumb/v7e-m/fpv4-sp/softfp\libgcc.a
LOAD d:/iti/arm/02- tools/03- imt sdk/imt_sdk_win_64/imt_sdk_win_64/winarm/armgcc/bin/../lib/gcc/arm-none-eabi/7.2.1/../../../../arm-none-eabi/lib/thumb/v7e-m/fpv4-sp/softfp\libg_nano.a
LOAD d:/iti/arm/02- tools/03- imt sdk/imt_sdk_win_64/imt_sdk_win_64/winarm/armgcc/bin/../lib/gcc/arm-none-eabi/7.2.1/../../../../arm-none-eabi/lib/thumb/v7e-m/fpv4-sp/softfp\libc_nano.a
END GROUP
START GROUP
LOAD d:/iti/arm/02- tools/03- imt sdk/imt_sdk_win_64/imt_sdk_win_64/winarm/armgcc/bin/../lib/gcc/arm-none-eabi/7.2.1/thumb/v7e-m/fpv4-sp/softfp\libgcc.a
LOAD d:/iti/arm/02- tools/03- imt sdk/imt_sdk_win_64/imt_sdk_win_64/winarm/armgcc/bin/../lib/gcc/arm-none-eabi/7.2.1/../../../../arm-none-eabi/lib/thumb/v7e-m/fpv4-sp/softfp\libc_nano.a
END GROUP
                0x20010000                __stack = (ORIGIN (RAM) + LENGTH (RAM))
                0x20010000                _estack = __stack
                0x00000400                __Main_Stack_Size = 0x400
                [!provide]                PROVIDE (_Main_Stack_Size, __Main_Stack_Size)
                0x2000fc00                __Main_Stack_Limit = (__stack - __Main_Stack_Size)
                [!provide]                PROVIDE (_Main_Stack_Limit, __Main_Stack_Limit)
                0x00000100                _Minimum_Stack_Size = 0x100
                0x2000525c                PROVIDE (_Heap_Begin, _end_noinit)
                0x2000fc00                PROVIDE (_Heap_Limit, (__stack - __Main_Stack_Size))

.isr_vector     0x08000000      0x3f4
 FILL mask 0xff
                0x08000000                __vectors_start = ABSOLUTE (.)
                0x08000000                __vectors_start__ = ABSOLUTE (.)
 *(.isr_vector)
 .isr_vector    0x08000000      0x194 ./system/src/cmsis/vectors_stm32f401xc.o
                0x08000000                __isr_vectors
 *(.cfmconfig)
 *(.after_vectors .after_vectors.*)
 .after_vectors
                0x08000194      0x130 ./system/src/newlib/_startup.o
                0x08000194                _start
 .after_vectors
                0x080002c4      0x12c ./system/src/cortexm/exception_handlers.o
                0x080002c4                Reset_Handler
                0x080002ca                NMI_Handler
                0x080002ce                HardFault_Handler
                0x080002e2                HardFault_Handler_C
                0x08000340                MemManage_Handler
                0x08000344                BusFault_Handler
                0x08000358                BusFault_Handler_C
                0x0800038c                UsageFault_Handler
                0x080003a0                UsageFault_Handler_C
                0x080003d8                DebugMon_Handler
 .after_vectors
                0x080003f0        0x4 ./system/src/cmsis/vectors_stm32f401xc.o
                0x080003f0                RTC_Alarm_IRQHandler
                0x080003f0                EXTI2_IRQHandler
                0x080003f0                SPI4_IRQHandler
                0x080003f0                TIM1_CC_IRQHandler
                0x080003f0                DMA2_Stream5_IRQHandler
                0x080003f0                DMA1_Stream5_IRQHandler
                0x080003f0                PVD_IRQHandler
                0x080003f0                SDIO_IRQHandler
                0x080003f0                TAMP_STAMP_IRQHandler
                0x080003f0                EXTI3_IRQHandler
                0x080003f0                TIM1_UP_TIM10_IRQHandler
                0x080003f0                I2C3_ER_IRQHandler
                0x080003f0                EXTI0_IRQHandler
                0x080003f0                I2C2_EV_IRQHandler
                0x080003f0                DMA1_Stream2_IRQHandler
                0x080003f0                FPU_IRQHandler
                0x080003f0                DMA2_Stream2_IRQHandler
                0x080003f0                SPI1_IRQHandler
                0x080003f0                TIM1_BRK_TIM9_IRQHandler
                0x080003f0                DMA2_Stream3_IRQHandler
                0x080003f0                USART6_IRQHandler
                0x080003f0                DMA2_Stream0_IRQHandler
                0x080003f0                TIM4_IRQHandler
                0x080003f0                I2C1_EV_IRQHandler
                0x080003f0                DMA1_Stream6_IRQHandler
                0x080003f0                DMA1_Stream1_IRQHandler
                0x080003f0                TIM3_IRQHandler
                0x080003f0                RCC_IRQHandler
                0x080003f0                Default_Handler
                0x080003f0                EXTI15_10_IRQHandler
                0x080003f0                ADC_IRQHandler
                0x080003f0                DMA1_Stream7_IRQHandler
                0x080003f0                TIM5_IRQHandler
                0x080003f0                DMA2_Stream7_IRQHandler
                0x080003f0                I2C3_EV_IRQHandler
                0x080003f0                EXTI9_5_IRQHandler
                0x080003f0                RTC_WKUP_IRQHandler
                0x080003f0                SPI2_IRQHandler
                0x080003f0                DMA1_Stream0_IRQHandler
                0x080003f0                EXTI4_IRQHandler
                0x080003f0                WWDG_IRQHandler
                0x080003f0                TIM2_IRQHandler
                0x080003f0                OTG_FS_WKUP_IRQHandler
                0x080003f0                TIM1_TRG_COM_TIM11_IRQHandler
                0x080003f0                EXTI1_IRQHandler
                0x080003f0                USART2_IRQHandler
                0x080003f0                I2C2_ER_IRQHandler
                0x080003f0                DMA2_Stream1_IRQHandler
                0x080003f0                FLASH_IRQHandler
                0x080003f0                DMA2_Stream4_IRQHandler
                0x080003f0                USART1_IRQHandler
                0x080003f0                OTG_FS_IRQHandler
                0x080003f0                SPI3_IRQHandler
                0x080003f0                DMA1_Stream4_IRQHandler
                0x080003f0                I2C1_ER_IRQHandler
                0x080003f0                DMA2_Stream6_IRQHandler
                0x080003f0                DMA1_Stream3_IRQHandler

.inits          0x080003f4       0x28
                0x080003f4                __data_regions_array_start = .
                0x080003f4        0x4 LONG 0x8003490 LOADADDR (.data)
                0x080003f8        0x4 LONG 0x20000000 ADDR (.data)
                0x080003fc        0x4 LONG 0x20000080 (ADDR (.data) + SIZEOF (.data))
                0x08000400        0x4 LONG 0x8003490 LOADADDR (.data_CCMRAM)
                0x08000404        0x4 LONG 0x10000000 ADDR (.data_CCMRAM)
                0x08000408        0x4 LONG 0x10000000 (ADDR (.data_CCMRAM) + SIZEOF (.data_CCMRAM))
                0x0800040c                __data_regions_array_end = .
                0x0800040c                __bss_regions_array_start = .
                0x0800040c        0x4 LONG 0x20000080 ADDR (.bss)
                0x08000410        0x4 LONG 0x2000525c (ADDR (.bss) + SIZEOF (.bss))
                0x08000414        0x4 LONG 0x10000000 ADDR (.bss_CCMRAM)
                0x08000418        0x4 LONG 0x10000000 (ADDR (.bss_CCMRAM) + SIZEOF (.bss_CCMRAM))
                0x0800041c                __bss_regions_array_end = .
 *(.init)
 *(.fini)
                0x0800041c                . = ALIGN (0x4)
                0x0800041c                PROVIDE (__preinit_array_start, .)
 *(.preinit_array_sysinit .preinit_array_sysinit.*)
 *(.preinit_array_platform .preinit_array_platform.*)
 *(.preinit_array .preinit_array.*)
                0x0800041c                PROVIDE (__preinit_array_end, .)
                0x0800041c                . = ALIGN (0x4)
                0x0800041c                PROVIDE (__init_array_start, .)
 *(SORT_BY_NAME(.init_array.*))
 *(.init_array)
                0x0800041c                PROVIDE (__init_array_end, .)
                0x0800041c                . = ALIGN (0x4)
                0x0800041c                PROVIDE (__fini_array_start, .)
 *(SORT_BY_NAME(.fini_array.*))
 *(.fini_array)
                0x0800041c                PROVIDE (__fini_array_end, .)

.flashtext
 *(.flashtext .flashtext.*)

.text           0x08000420     0x306f
 *(.text .text.*)
 .text._exit    0x08000420        0x2 ./system/src/newlib/_exit.o
                0x08000420                _exit
 *fill*         0x08000422        0x2 
 .text._sbrk    0x08000424       0x44 ./system/src/newlib/_sbrk.o
                0x08000424                _sbrk
 .text.__initialize_args
                0x08000468       0x10 ./system/src/newlib/_syscalls.o
                0x08000468                __initialize_args
 .text.trace_printf
                0x08000478       0x30 ./system/src/diag/Trace.o
                0x08000478                trace_printf
 .text._trace_write_semihosting_debug
                0x080004a8       0x60 ./system/src/diag/trace_impl.o
 .text.trace_write
                0x08000508        0x8 ./system/src/diag/trace_impl.o
                0x08000508                trace_write
 .text.__initialize_hardware_early
                0x08000510       0x18 ./system/src/cortexm/_initialize_hardware.o
                0x08000510                __initialize_hardware_early
 .text.__initialize_hardware
                0x08000528        0x8 ./system/src/cortexm/_initialize_hardware.o
                0x08000528                __initialize_hardware
 .text.dumpExceptionStack
                0x08000530       0xf4 ./system/src/cortexm/exception_handlers.o
                0x08000530                dumpExceptionStack
 .text.isSemihosting
                0x08000624       0x20 ./system/src/cortexm/exception_handlers.o
                0x08000624                isSemihosting
 .text.SystemInit
                0x08000644       0x40 ./system/src/cmsis/system_stm32f4xx.o
                0x08000644                SystemInit
 .text.SystemCoreClockUpdate
                0x08000684       0xa0 ./system/src/cmsis/system_stm32f4xx.o
                0x08000684                SystemCoreClockUpdate
 .text.GPIO_voidSetPinDirectionMode
                0x08000724      0x1c0 ./src/GPIO_Program.o
                0x08000724                GPIO_voidSetPinDirectionMode
 .text.GPIO_voidSetPinType
                0x080008e4       0x9c ./src/GPIO_Program.o
                0x080008e4                GPIO_voidSetPinType
 .text.GPIO_voidSetPinSpeed
                0x08000980      0x1c0 ./src/GPIO_Program.o
                0x08000980                GPIO_voidSetPinSpeed
 .text.GPIO_voidSetPinValueNonAtomic
                0x08000b40       0x94 ./src/GPIO_Program.o
                0x08000b40                GPIO_voidSetPinValueNonAtomic
 .text.MRCC_voidEnablePeripheralClock
                0x08000bd4       0x5c ./src/RCC_Program.o
                0x08000bd4                MRCC_voidEnablePeripheralClock
 .text.MRCC_voidInitSystemClk
                0x08000c30       0x2c ./src/RCC_Program.o
                0x08000c30                MRCC_voidInitSystemClk
 .text.prvHeapInit
                0x08000c5c       0x58 ./src/heap_4.o
 .text.prvInsertBlockIntoFreeList
                0x08000cb4       0x54 ./src/heap_4.o
 .text.pvPortMalloc
                0x08000d08       0xf8 ./src/heap_4.o
                0x08000d08                pvPortMalloc
 .text.vPortFree
                0x08000e00       0x78 ./src/heap_4.o
                0x08000e00                vPortFree
 .text.vListInitialise
                0x08000e78       0x16 ./src/list.o
                0x08000e78                vListInitialise
 .text.vListInitialiseItem
                0x08000e8e        0x6 ./src/list.o
                0x08000e8e                vListInitialiseItem
 .text.vListInsert
                0x08000e94       0x34 ./src/list.o
                0x08000e94                vListInsert
 .text.uxListRemove
                0x08000ec8       0x28 ./src/list.o
                0x08000ec8                uxListRemove
 .text.TASK_1   0x08000ef0       0x64 ./src/main.o
                0x08000ef0                TASK_1
 .text.TASK_2   0x08000f54       0x64 ./src/main.o
                0x08000f54                TASK_2
 .text.main     0x08000fb8       0xdc ./src/main.o
                0x08000fb8                main
 .text.prvTaskExitError
                0x08001094       0x40 ./src/port.o
 .text.prvPortStartFirstTask
                0x080010d4       0x28 ./src/port.o
 .text.vPortEnableVFP
                0x080010fc       0x14 ./src/port.o
 .text.pxPortInitialiseStack
                0x08001110       0x2c ./src/port.o
                0x08001110                pxPortInitialiseStack
 *fill*         0x0800113c        0x4 
 .text.SVC_Handler
                0x08001140       0x24 ./src/port.o
                0x08001140                SVC_Handler
 .text.vPortEnterCritical
                0x08001164       0x44 ./src/port.o
                0x08001164                vPortEnterCritical
 .text.vPortExitCritical
                0x080011a8       0x2c ./src/port.o
                0x080011a8                vPortExitCritical
 *fill*         0x080011d4        0xc 
 .text.PendSV_Handler
                0x080011e0       0x64 ./src/port.o
                0x080011e0                PendSV_Handler
 .text.SysTick_Handler
                0x08001244       0x2c ./src/port.o
                0x08001244                SysTick_Handler
 .text.vPortSetupTimerInterrupt
                0x08001270       0x24 ./src/port.o
                0x08001270                vPortSetupTimerInterrupt
 .text.xPortStartScheduler
                0x08001294      0x110 ./src/port.o
                0x08001294                xPortStartScheduler
 .text.prvGetDisinheritPriorityAfterTimeout
                0x080013a4       0x12 ./src/queue.o
 .text.prvIsQueueFull
                0x080013b6       0x1e ./src/queue.o
 .text.prvIsQueueEmpty
                0x080013d4       0x1a ./src/queue.o
 .text.prvCopyDataToQueue
                0x080013ee       0x76 ./src/queue.o
 .text.prvCopyDataFromQueue
                0x08001464       0x24 ./src/queue.o
 .text.prvUnlockQueue
                0x08001488       0x6e ./src/queue.o
 *fill*         0x080014f6        0x2 
 .text.xQueueGenericReset
                0x080014f8       0xa8 ./src/queue.o
                0x080014f8                xQueueGenericReset
 .text.prvInitialiseNewQueue
                0x080015a0       0x1c ./src/queue.o
 .text.xQueueGenericCreate
                0x080015bc       0x58 ./src/queue.o
                0x080015bc                xQueueGenericCreate
 .text.xQueueGenericSend
                0x08001614      0x17c ./src/queue.o
                0x08001614                xQueueGenericSend
 .text.xQueueReceive
                0x08001790      0x158 ./src/queue.o
                0x08001790                xQueueReceive
 .text.xQueueSemaphoreTake
                0x080018e8      0x18c ./src/queue.o
                0x080018e8                xQueueSemaphoreTake
 .text.vQueueWaitForMessageRestricted
                0x08001a74       0x52 ./src/queue.o
                0x08001a74                vQueueWaitForMessageRestricted
 *fill*         0x08001ac6        0x2 
 .text.prvIdleTask
                0x08001ac8       0x24 ./src/tasks.o
 .text.prvResetNextTaskUnblockTime
                0x08001aec       0x28 ./src/tasks.o
 .text.prvInitialiseNewTask
                0x08001b14       0x8e ./src/tasks.o
 *fill*         0x08001ba2        0x2 
 .text.prvInitialiseTaskLists
                0x08001ba4       0x54 ./src/tasks.o
 .text.prvAddNewTaskToReadyList
                0x08001bf8       0xc8 ./src/tasks.o
 .text.prvAddCurrentTaskToDelayedList
                0x08001cc0       0x7c ./src/tasks.o
 .text.xTaskCreate
                0x08001d3c       0x6a ./src/tasks.o
                0x08001d3c                xTaskCreate
 *fill*         0x08001da6        0x2 
 .text.vTaskStartScheduler
                0x08001da8       0x8c ./src/tasks.o
                0x08001da8                vTaskStartScheduler
 .text.vTaskSuspendAll
                0x08001e34       0x10 ./src/tasks.o
                0x08001e34                vTaskSuspendAll
 .text.xTaskGetTickCount
                0x08001e44        0xc ./src/tasks.o
                0x08001e44                xTaskGetTickCount
 .text.xTaskIncrementTick
                0x08001e50      0x174 ./src/tasks.o
                0x08001e50                xTaskIncrementTick
 .text.xTaskResumeAll
                0x08001fc4      0x154 ./src/tasks.o
                0x08001fc4                xTaskResumeAll
 .text.vTaskDelay
                0x08002118       0x4c ./src/tasks.o
                0x08002118                vTaskDelay
 .text.vTaskSwitchContext
                0x08002164       0x98 ./src/tasks.o
                0x08002164                vTaskSwitchContext
 .text.vTaskPlaceOnEventList
                0x080021fc       0x30 ./src/tasks.o
                0x080021fc                vTaskPlaceOnEventList
 .text.vTaskPlaceOnEventListRestricted
                0x0800222c       0x54 ./src/tasks.o
                0x0800222c                vTaskPlaceOnEventListRestricted
 .text.xTaskRemoveFromEventList
                0x08002280       0xf8 ./src/tasks.o
                0x08002280                xTaskRemoveFromEventList
 .text.vTaskInternalSetTimeOutState
                0x08002378       0x18 ./src/tasks.o
                0x08002378                vTaskInternalSetTimeOutState
 .text.xTaskCheckForTimeOut
                0x08002390       0x7c ./src/tasks.o
                0x08002390                xTaskCheckForTimeOut
 .text.vTaskMissedYield
                0x0800240c        0xc ./src/tasks.o
                0x0800240c                vTaskMissedYield
 .text.xTaskGetSchedulerState
                0x08002418       0x20 ./src/tasks.o
                0x08002418                xTaskGetSchedulerState
 .text.xTaskPriorityInherit
                0x08002438       0xc8 ./src/tasks.o
                0x08002438                xTaskPriorityInherit
 .text.xTaskPriorityDisinherit
                0x08002500       0xbc ./src/tasks.o
                0x08002500                xTaskPriorityDisinherit
 .text.vTaskPriorityDisinheritAfterTimeout
                0x080025bc       0xcc ./src/tasks.o
                0x080025bc                vTaskPriorityDisinheritAfterTimeout
 .text.pvTaskIncrementMutexHeldCount
                0x08002688       0x1c ./src/tasks.o
                0x08002688                pvTaskIncrementMutexHeldCount
 .text.prvGetNextExpireTime
                0x080026a4       0x20 ./src/timers.o
 .text.prvInsertTimerInActiveList
                0x080026c4       0x48 ./src/timers.o
 .text.prvReloadTimer
                0x0800270c       0x28 ./src/timers.o
 .text.prvProcessExpiredTimer
                0x08002734       0x40 ./src/timers.o
 .text.prvSwitchTimerLists
                0x08002774       0x30 ./src/timers.o
 .text.prvSampleTimeNow
                0x080027a4       0x2c ./src/timers.o
 .text.prvProcessTimerOrBlockTask
                0x080027d0       0x74 ./src/timers.o
 .text.prvProcessReceivedCommands
                0x08002844       0xf4 ./src/timers.o
 .text.prvTimerTask
                0x08002938       0x16 ./src/timers.o
 *fill*         0x0800294e        0x2 
 .text.prvCheckForValidListAndQueue
                0x08002950       0x50 ./src/timers.o
 .text.xTimerCreateTimerTask
                0x080029a0       0x4c ./src/timers.o
                0x080029a0                xTimerCreateTimerTask
 .text.__errno  0x080029ec        0xc d:/iti/arm/02- tools/03- imt sdk/imt_sdk_win_64/imt_sdk_win_64/winarm/armgcc/bin/../lib/gcc/arm-none-eabi/7.2.1/../../../../arm-none-eabi/lib/thumb/v7e-m/fpv4-sp/softfp\libg_nano.a(lib_a-errno.o)
                0x080029ec                __errno
 .text.memcpy   0x080029f8       0x16 d:/iti/arm/02- tools/03- imt sdk/imt_sdk_win_64/imt_sdk_win_64/winarm/armgcc/bin/../lib/gcc/arm-none-eabi/7.2.1/../../../../arm-none-eabi/lib/thumb/v7e-m/fpv4-sp/softfp\libg_nano.a(lib_a-memcpy-stub.o)
                0x080029f8                memcpy
 .text.memset   0x08002a0e       0x10 d:/iti/arm/02- tools/03- imt sdk/imt_sdk_win_64/imt_sdk_win_64/winarm/armgcc/bin/../lib/gcc/arm-none-eabi/7.2.1/../../../../arm-none-eabi/lib/thumb/v7e-m/fpv4-sp/softfp\libg_nano.a(lib_a-memset.o)
                0x08002a0e                memset
 .text._vsnprintf_r
                0x08002a1e       0x58 d:/iti/arm/02- tools/03- imt sdk/imt_sdk_win_64/imt_sdk_win_64/winarm/armgcc/bin/../lib/gcc/arm-none-eabi/7.2.1/../../../../arm-none-eabi/lib/thumb/v7e-m/fpv4-sp/softfp\libg_nano.a(lib_a-vsnprintf.o)
                0x08002a1e                _vsniprintf_r
                0x08002a1e                _vsnprintf_r
 *fill*         0x08002a76        0x2 
 .text.vsnprintf
                0x08002a78       0x1c d:/iti/arm/02- tools/03- imt sdk/imt_sdk_win_64/imt_sdk_win_64/winarm/armgcc/bin/../lib/gcc/arm-none-eabi/7.2.1/../../../../arm-none-eabi/lib/thumb/v7e-m/fpv4-sp/softfp\libg_nano.a(lib_a-vsnprintf.o)
                0x08002a78                vsniprintf
                0x08002a78                vsnprintf
 .text.__ssputs_r
                0x08002a94       0xb4 d:/iti/arm/02- tools/03- imt sdk/imt_sdk_win_64/imt_sdk_win_64/winarm/armgcc/bin/../lib/gcc/arm-none-eabi/7.2.1/../../../../arm-none-eabi/lib/thumb/v7e-m/fpv4-sp/softfp\libg_nano.a(lib_a-nano-svfprintf.o)
                0x08002a94                __ssputs_r
 .text._svfprintf_r
                0x08002b48      0x1ec d:/iti/arm/02- tools/03- imt sdk/imt_sdk_win_64/imt_sdk_win_64/winarm/armgcc/bin/../lib/gcc/arm-none-eabi/7.2.1/../../../../arm-none-eabi/lib/thumb/v7e-m/fpv4-sp/softfp\libg_nano.a(lib_a-nano-svfprintf.o)
                0x08002b48                _svfiprintf_r
                0x08002b48                _svfprintf_r
 .text._printf_common
                0x08002d34       0xea d:/iti/arm/02- tools/03- imt sdk/imt_sdk_win_64/imt_sdk_win_64/winarm/armgcc/bin/../lib/gcc/arm-none-eabi/7.2.1/../../../../arm-none-eabi/lib/thumb/v7e-m/fpv4-sp/softfp\libg_nano.a(lib_a-nano-vfprintf_i.o)
                0x08002d34                _printf_common
 *fill*         0x08002e1e        0x2 
 .text._printf_i
                0x08002e20      0x224 d:/iti/arm/02- tools/03- imt sdk/imt_sdk_win_64/imt_sdk_win_64/winarm/armgcc/bin/../lib/gcc/arm-none-eabi/7.2.1/../../../../arm-none-eabi/lib/thumb/v7e-m/fpv4-sp/softfp\libg_nano.a(lib_a-nano-vfprintf_i.o)
                0x08002e20                _printf_i
 *fill*         0x08003044        0xc 
 .text          0x08003050       0xa0 d:/iti/arm/02- tools/03- imt sdk/imt_sdk_win_64/imt_sdk_win_64/winarm/armgcc/bin/../lib/gcc/arm-none-eabi/7.2.1/../../../../arm-none-eabi/lib/thumb/v7e-m/fpv4-sp/softfp\libg_nano.a(lib_a-memchr.o)
                0x08003050                memchr
 .text.memmove  0x080030f0       0x32 d:/iti/arm/02- tools/03- imt sdk/imt_sdk_win_64/imt_sdk_win_64/winarm/armgcc/bin/../lib/gcc/arm-none-eabi/7.2.1/../../../../arm-none-eabi/lib/thumb/v7e-m/fpv4-sp/softfp\libg_nano.a(lib_a-memmove.o)
                0x080030f0                memmove
 *fill*         0x08003122        0x2 
 .text._free_r  0x08003124       0x9c d:/iti/arm/02- tools/03- imt sdk/imt_sdk_win_64/imt_sdk_win_64/winarm/armgcc/bin/../lib/gcc/arm-none-eabi/7.2.1/../../../../arm-none-eabi/lib/thumb/v7e-m/fpv4-sp/softfp\libg_nano.a(lib_a-nano-freer.o)
                0x08003124                _free_r
 .text._malloc_r
                0x080031c0       0xb4 d:/iti/arm/02- tools/03- imt sdk/imt_sdk_win_64/imt_sdk_win_64/winarm/armgcc/bin/../lib/gcc/arm-none-eabi/7.2.1/../../../../arm-none-eabi/lib/thumb/v7e-m/fpv4-sp/softfp\libg_nano.a(lib_a-nano-mallocr.o)
                0x080031c0                _malloc_r
 .text._realloc_r
                0x08003274       0x4c d:/iti/arm/02- tools/03- imt sdk/imt_sdk_win_64/imt_sdk_win_64/winarm/armgcc/bin/../lib/gcc/arm-none-eabi/7.2.1/../../../../arm-none-eabi/lib/thumb/v7e-m/fpv4-sp/softfp\libg_nano.a(lib_a-nano-reallocr.o)
                0x08003274                _realloc_r
 .text._sbrk_r  0x080032c0       0x20 d:/iti/arm/02- tools/03- imt sdk/imt_sdk_win_64/imt_sdk_win_64/winarm/armgcc/bin/../lib/gcc/arm-none-eabi/7.2.1/../../../../arm-none-eabi/lib/thumb/v7e-m/fpv4-sp/softfp\libg_nano.a(lib_a-sbrkr.o)
                0x080032c0                _sbrk_r
 .text.__malloc_lock
                0x080032e0        0x2 d:/iti/arm/02- tools/03- imt sdk/imt_sdk_win_64/imt_sdk_win_64/winarm/armgcc/bin/../lib/gcc/arm-none-eabi/7.2.1/../../../../arm-none-eabi/lib/thumb/v7e-m/fpv4-sp/softfp\libg_nano.a(lib_a-mlock.o)
                0x080032e0                __malloc_lock
 .text.__malloc_unlock
                0x080032e2        0x2 d:/iti/arm/02- tools/03- imt sdk/imt_sdk_win_64/imt_sdk_win_64/winarm/armgcc/bin/../lib/gcc/arm-none-eabi/7.2.1/../../../../arm-none-eabi/lib/thumb/v7e-m/fpv4-sp/softfp\libg_nano.a(lib_a-mlock.o)
                0x080032e2                __malloc_unlock
 .text._malloc_usable_size_r
                0x080032e4       0x10 d:/iti/arm/02- tools/03- imt sdk/imt_sdk_win_64/imt_sdk_win_64/winarm/armgcc/bin/../lib/gcc/arm-none-eabi/7.2.1/../../../../arm-none-eabi/lib/thumb/v7e-m/fpv4-sp/softfp\libg_nano.a(lib_a-nano-msizer.o)
                0x080032e4                _malloc_usable_size_r
 *(.rodata .rodata.* .constdata .constdata.*)
 .rodata.dumpExceptionStack.str1.4
                0x080032f4      0x11a ./system/src/cortexm/exception_handlers.o
 *fill*         0x0800340e        0x2 
 .rodata.str1.4
                0x08003410       0x2a ./system/src/cortexm/exception_handlers.o
 *fill*         0x0800343a        0x2 
 .rodata.AHBPrescTable
                0x0800343c       0x10 ./system/src/cmsis/system_stm32f4xx.o
                0x0800343c                AHBPrescTable
 .rodata.vTaskStartScheduler.str1.4
                0x0800344c        0x5 ./src/tasks.o
 *fill*         0x08003451        0x3 
 .rodata.xTimerCreateTimerTask.str1.4
                0x08003454        0x8 ./src/timers.o
 .rodata._svfprintf_r.str1.1
                0x0800345c       0x11 d:/iti/arm/02- tools/03- imt sdk/imt_sdk_win_64/imt_sdk_win_64/winarm/armgcc/bin/../lib/gcc/arm-none-eabi/7.2.1/../../../../arm-none-eabi/lib/thumb/v7e-m/fpv4-sp/softfp\libg_nano.a(lib_a-nano-svfprintf.o)
 .rodata._printf_i.str1.1
                0x0800346d       0x22 d:/iti/arm/02- tools/03- imt sdk/imt_sdk_win_64/imt_sdk_win_64/winarm/armgcc/bin/../lib/gcc/arm-none-eabi/7.2.1/../../../../arm-none-eabi/lib/thumb/v7e-m/fpv4-sp/softfp\libg_nano.a(lib_a-nano-vfprintf_i.o)
 *(vtable)
 *(.eh_frame*)
 *(.glue_7)
 .glue_7        0x0800348f        0x0 linker stubs
 *(.glue_7t)
 .glue_7t       0x0800348f        0x0 linker stubs

.vfp11_veneer   0x08003490        0x0
 .vfp11_veneer  0x08003490        0x0 linker stubs

.v4_bx          0x08003490        0x0
 .v4_bx         0x08003490        0x0 linker stubs

.iplt           0x08003490        0x0
 .iplt          0x08003490        0x0 ./system/src/newlib/_exit.o

.rel.dyn        0x08003490        0x0
 .rel.iplt      0x08003490        0x0 ./system/src/newlib/_exit.o

.ARM.extab
 *(.ARM.extab* .gnu.linkonce.armextab.*)
                0x08003490                . = ALIGN (0x4)
                0x08003490                __exidx_start = .

.ARM.exidx
 *(.ARM.exidx* .gnu.linkonce.armexidx.*)
                0x08003490                __exidx_end = .
                0x08003490                . = ALIGN (0x4)
                0x08003490                _etext = .
                0x08003490                __etext = .

.data_CCMRAM    0x10000000        0x0 load address 0x08003490
 FILL mask 0xff
 *(.data.CCMRAM .data.CCMRAM.*)
                0x10000000                . = ALIGN (0x4)
                0x08003490                _sidata = LOADADDR (.data)

.data           0x20000000       0x80 load address 0x08003490
 FILL mask 0xff
                0x20000000                _sdata = .
                0x20000000                __data_start__ = .
 *(.data_begin .data_begin.*)
 .data_begin    0x20000000        0x4 ./system/src/newlib/_startup.o
 *(.data .data.*)
 .data.argv.4310
                0x20000004        0x8 ./system/src/newlib/_syscalls.o
 .data.SystemCoreClock
                0x2000000c        0x4 ./system/src/cmsis/system_stm32f4xx.o
                0x2000000c                SystemCoreClock
 .data.uxCriticalNesting
                0x20000010        0x4 ./src/port.o
 .data.uxTopUsedPriority
                0x20000014        0x4 ./src/tasks.o
                0x20000014                uxTopUsedPriority
 .data._impure_ptr
                0x20000018        0x4 d:/iti/arm/02- tools/03- imt sdk/imt_sdk_win_64/imt_sdk_win_64/winarm/armgcc/bin/../lib/gcc/arm-none-eabi/7.2.1/../../../../arm-none-eabi/lib/thumb/v7e-m/fpv4-sp/softfp\libg_nano.a(lib_a-impure.o)
                0x20000018                _impure_ptr
 .data.impure_data
                0x2000001c       0x60 d:/iti/arm/02- tools/03- imt sdk/imt_sdk_win_64/imt_sdk_win_64/winarm/armgcc/bin/../lib/gcc/arm-none-eabi/7.2.1/../../../../arm-none-eabi/lib/thumb/v7e-m/fpv4-sp/softfp\libg_nano.a(lib_a-impure.o)
 *(.data_end .data_end.*)
 .data_end      0x2000007c        0x4 ./system/src/newlib/_startup.o
                0x20000080                . = ALIGN (0x4)
                0x20000080                _edata = .
                0x20000080                __data_end__ = .

.igot.plt       0x20000080        0x0 load address 0x08003510
 .igot.plt      0x20000080        0x0 ./system/src/newlib/_exit.o

.bss_CCMRAM     0x10000000        0x0
 *(.bss.CCMRAM .bss.CCMRAM.*)

.bss            0x20000080     0x51dc
                0x20000080                __bss_start__ = .
                0x20000080                _sbss = .
 *(.bss_begin .bss_begin.*)
 .bss_begin     0x20000080        0x4 ./system/src/newlib/_startup.o
 *(.bss .bss.*)
 .bss.current_heap_end.3961
                0x20000084        0x4 ./system/src/newlib/_sbrk.o
 .bss.name.4309
                0x20000088        0x1 ./system/src/newlib/_syscalls.o
 *fill*         0x20000089        0x3 
 .bss.buf.5205  0x2000008c       0x80 ./system/src/diag/Trace.o
 .bss.pxEnd     0x2000010c        0x4 ./src/heap_4.o
 .bss.ucHeap    0x20000110     0x5000 ./src/heap_4.o
 .bss.xFreeBytesRemaining
                0x20005110        0x4 ./src/heap_4.o
 .bss.xMinimumEverFreeBytesRemaining
                0x20005114        0x4 ./src/heap_4.o
 .bss.xNumberOfSuccessfulAllocations
                0x20005118        0x4 ./src/heap_4.o
 .bss.xNumberOfSuccessfulFrees
                0x2000511c        0x4 ./src/heap_4.o
 .bss.xStart    0x20005120        0x8 ./src/heap_4.o
 .bss.flag.5471
                0x20005128        0x1 ./src/main.o
 .bss.flag.5476
                0x20005129        0x1 ./src/main.o
 .bss.ucMaxSysCallPriority
                0x2000512a        0x1 ./src/port.o
 *fill*         0x2000512b        0x1 
 .bss.ulMaxPRIGROUPValue
                0x2000512c        0x4 ./src/port.o
 .bss.pxCurrentTCB
                0x20005130        0x4 ./src/tasks.o
                0x20005130                pxCurrentTCB
 .bss.pxDelayedTaskList
                0x20005134        0x4 ./src/tasks.o
 .bss.pxOverflowDelayedTaskList
                0x20005138        0x4 ./src/tasks.o
 .bss.pxReadyTasksLists
                0x2000513c       0x64 ./src/tasks.o
 .bss.uxCurrentNumberOfTasks
                0x200051a0        0x4 ./src/tasks.o
 .bss.uxSchedulerSuspended
                0x200051a4        0x4 ./src/tasks.o
 .bss.uxTaskNumber
                0x200051a8        0x4 ./src/tasks.o
 .bss.uxTopReadyPriority
                0x200051ac        0x4 ./src/tasks.o
 .bss.xDelayedTaskList1
                0x200051b0       0x14 ./src/tasks.o
 .bss.xDelayedTaskList2
                0x200051c4       0x14 ./src/tasks.o
 .bss.xIdleTaskHandle
                0x200051d8        0x4 ./src/tasks.o
 .bss.xNextTaskUnblockTime
                0x200051dc        0x4 ./src/tasks.o
 .bss.xNumOfOverflows
                0x200051e0        0x4 ./src/tasks.o
 .bss.xPendedTicks
                0x200051e4        0x4 ./src/tasks.o
 .bss.xPendingReadyList
                0x200051e8       0x14 ./src/tasks.o
 .bss.xSchedulerRunning
                0x200051fc        0x4 ./src/tasks.o
 .bss.xTickCount
                0x20005200        0x4 ./src/tasks.o
 .bss.xYieldPending
                0x20005204        0x4 ./src/tasks.o
 .bss.pxCurrentTimerList
                0x20005208        0x4 ./src/timers.o
 .bss.pxOverflowTimerList
                0x2000520c        0x4 ./src/timers.o
 .bss.xActiveTimerList1
                0x20005210       0x14 ./src/timers.o
 .bss.xActiveTimerList2
                0x20005224       0x14 ./src/timers.o
 .bss.xLastTime.6264
                0x20005238        0x4 ./src/timers.o
 .bss.xTimerQueue
                0x2000523c        0x4 ./src/timers.o
 .bss.xTimerTaskHandle
                0x20005240        0x4 ./src/timers.o
 .bss.__malloc_free_list
                0x20005244        0x4 d:/iti/arm/02- tools/03- imt sdk/imt_sdk_win_64/imt_sdk_win_64/winarm/armgcc/bin/../lib/gcc/arm-none-eabi/7.2.1/../../../../arm-none-eabi/lib/thumb/v7e-m/fpv4-sp/softfp\libg_nano.a(lib_a-nano-mallocr.o)
                0x20005244                __malloc_free_list
 .bss.__malloc_sbrk_start
                0x20005248        0x4 d:/iti/arm/02- tools/03- imt sdk/imt_sdk_win_64/imt_sdk_win_64/winarm/armgcc/bin/../lib/gcc/arm-none-eabi/7.2.1/../../../../arm-none-eabi/lib/thumb/v7e-m/fpv4-sp/softfp\libg_nano.a(lib_a-nano-mallocr.o)
                0x20005248                __malloc_sbrk_start
 *(COMMON)
 COMMON         0x2000524c        0x4 ./system/src/newlib/_syscalls.o
                0x2000524c                errno
 COMMON         0x20005250        0x8 ./src/main.o
                0x20005250                Tst_semph
                0x20005254                semph_state
 *(.bss_end .bss_end.*)
 .bss_end       0x20005258        0x4 ./system/src/newlib/_startup.o
                0x2000525c                . = ALIGN (0x4)
                0x2000525c                __bss_end__ = .
                0x2000525c                _ebss = .

.noinit_CCMRAM
 *(.noinit.CCMRAM .noinit.CCMRAM.*)

.noinit         0x2000525c        0x0
                0x2000525c                _noinit = .
 *(.noinit .noinit.*)
                0x2000525c                . = ALIGN (0x4)
                0x2000525c                _end_noinit = .
                [!provide]                PROVIDE (end, _end_noinit)
                [!provide]                PROVIDE (_end, _end_noinit)
                [!provide]                PROVIDE (__end, _end_noinit)
                [!provide]                PROVIDE (__end__, _end_noinit)

._check_stack   0x2000525c      0x100
                0x2000535c                . = (. + _Minimum_Stack_Size)
 *fill*         0x2000525c      0x100 

.b1text
 *(.b1text)
 *(.b1rodata)
 *(.b1rodata.*)

.eb0text
 *(.eb0text)
 *(.eb0rodata)
 *(.eb0rodata.*)

.eb1text
 *(.eb1text)
 *(.eb1rodata)
 *(.eb1rodata.*)

.eb2text
 *(.eb2text)
 *(.eb2rodata)
 *(.eb2rodata.*)

.eb3text
 *(.eb3text)
 *(.eb3rodata)
 *(.eb3rodata.*)

.stab
 *(.stab)

.stabstr
 *(.stabstr)

.stab.excl
 *(.stab.excl)

.stab.exclstr
 *(.stab.exclstr)

.stab.index
 *(.stab.index)

.stab.indexstr
 *(.stab.indexstr)

.comment        0x00000000       0x7e
 *(.comment)
 .comment       0x00000000       0x7e ./system/src/newlib/_exit.o
                                 0x7f (size before relaxing)
 .comment       0x0000007e       0x7f ./system/src/newlib/_sbrk.o
 .comment       0x0000007e       0x7f ./system/src/newlib/_startup.o
 .comment       0x0000007e       0x7f ./system/src/newlib/_syscalls.o
 .comment       0x0000007e       0x7f ./system/src/diag/Trace.o
 .comment       0x0000007e       0x7f ./system/src/diag/trace_impl.o
 .comment       0x0000007e       0x7f ./system/src/cortexm/_initialize_hardware.o
 .comment       0x0000007e       0x7f ./system/src/cortexm/exception_handlers.o
 .comment       0x0000007e       0x7f ./system/src/cmsis/system_stm32f4xx.o
 .comment       0x0000007e       0x7f ./system/src/cmsis/vectors_stm32f401xc.o
 .comment       0x0000007e       0x7f ./src/GPIO_Program.o
 .comment       0x0000007e       0x7f ./src/RCC_Program.o
 .comment       0x0000007e       0x7f ./src/heap_4.o
 .comment       0x0000007e       0x7f ./src/list.o
 .comment       0x0000007e       0x7f ./src/main.o
 .comment       0x0000007e       0x7f ./src/port.o
 .comment       0x0000007e       0x7f ./src/queue.o
 .comment       0x0000007e       0x7f ./src/tasks.o
 .comment       0x0000007e       0x7f ./src/timers.o

.ARM.attributes
                0x00000000       0x35
 .ARM.attributes
                0x00000000       0x33 ./system/src/newlib/_exit.o
 .ARM.attributes
                0x00000033       0x33 ./system/src/newlib/_sbrk.o
 .ARM.attributes
                0x00000066       0x33 ./system/src/newlib/_startup.o
 .ARM.attributes
                0x00000099       0x33 ./system/src/newlib/_syscalls.o
 .ARM.attributes
                0x000000cc       0x33 ./system/src/diag/Trace.o
 .ARM.attributes
                0x000000ff       0x33 ./system/src/diag/trace_impl.o
 .ARM.attributes
                0x00000132       0x33 ./system/src/cortexm/_initialize_hardware.o
 .ARM.attributes
                0x00000165       0x33 ./system/src/cortexm/exception_handlers.o
 .ARM.attributes
                0x00000198       0x33 ./system/src/cmsis/system_stm32f4xx.o
 .ARM.attributes
                0x000001cb       0x33 ./system/src/cmsis/vectors_stm32f401xc.o
 .ARM.attributes
                0x000001fe       0x33 ./src/GPIO_Program.o
 .ARM.attributes
                0x00000231       0x37 ./src/RCC_Program.o
 .ARM.attributes
                0x00000268       0x33 ./src/heap_4.o
 .ARM.attributes
                0x0000029b       0x33 ./src/list.o
 .ARM.attributes
                0x000002ce       0x37 ./src/main.o
 .ARM.attributes
                0x00000305       0x37 ./src/port.o
 .ARM.attributes
                0x0000033c       0x37 ./src/queue.o
 .ARM.attributes
                0x00000373       0x37 ./src/tasks.o
 .ARM.attributes
                0x000003aa       0x37 ./src/timers.o
 .ARM.attributes
                0x000003e1       0x32 d:/iti/arm/02- tools/03- imt sdk/imt_sdk_win_64/imt_sdk_win_64/winarm/armgcc/bin/../lib/gcc/arm-none-eabi/7.2.1/../../../../arm-none-eabi/lib/thumb/v7e-m/fpv4-sp/softfp\libg_nano.a(lib_a-errno.o)
 .ARM.attributes
                0x00000413       0x32 d:/iti/arm/02- tools/03- imt sdk/imt_sdk_win_64/imt_sdk_win_64/winarm/armgcc/bin/../lib/gcc/arm-none-eabi/7.2.1/../../../../arm-none-eabi/lib/thumb/v7e-m/fpv4-sp/softfp\libg_nano.a(lib_a-impure.o)
 .ARM.attributes
                0x00000445       0x32 d:/iti/arm/02- tools/03- imt sdk/imt_sdk_win_64/imt_sdk_win_64/winarm/armgcc/bin/../lib/gcc/arm-none-eabi/7.2.1/../../../../arm-none-eabi/lib/thumb/v7e-m/fpv4-sp/softfp\libg_nano.a(lib_a-memcpy-stub.o)
 .ARM.attributes
                0x00000477       0x32 d:/iti/arm/02- tools/03- imt sdk/imt_sdk_win_64/imt_sdk_win_64/winarm/armgcc/bin/../lib/gcc/arm-none-eabi/7.2.1/../../../../arm-none-eabi/lib/thumb/v7e-m/fpv4-sp/softfp\libg_nano.a(lib_a-memset.o)
 .ARM.attributes
                0x000004a9       0x32 d:/iti/arm/02- tools/03- imt sdk/imt_sdk_win_64/imt_sdk_win_64/winarm/armgcc/bin/../lib/gcc/arm-none-eabi/7.2.1/../../../../arm-none-eabi/lib/thumb/v7e-m/fpv4-sp/softfp\libg_nano.a(lib_a-vsnprintf.o)
 .ARM.attributes
                0x000004db       0x32 d:/iti/arm/02- tools/03- imt sdk/imt_sdk_win_64/imt_sdk_win_64/winarm/armgcc/bin/../lib/gcc/arm-none-eabi/7.2.1/../../../../arm-none-eabi/lib/thumb/v7e-m/fpv4-sp/softfp\libg_nano.a(lib_a-nano-svfprintf.o)
 .ARM.attributes
                0x0000050d       0x32 d:/iti/arm/02- tools/03- imt sdk/imt_sdk_win_64/imt_sdk_win_64/winarm/armgcc/bin/../lib/gcc/arm-none-eabi/7.2.1/../../../../arm-none-eabi/lib/thumb/v7e-m/fpv4-sp/softfp\libg_nano.a(lib_a-nano-vfprintf_i.o)
 .ARM.attributes
                0x0000053f       0x20 d:/iti/arm/02- tools/03- imt sdk/imt_sdk_win_64/imt_sdk_win_64/winarm/armgcc/bin/../lib/gcc/arm-none-eabi/7.2.1/../../../../arm-none-eabi/lib/thumb/v7e-m/fpv4-sp/softfp\libg_nano.a(lib_a-memchr.o)
 .ARM.attributes
                0x0000055f       0x32 d:/iti/arm/02- tools/03- imt sdk/imt_sdk_win_64/imt_sdk_win_64/winarm/armgcc/bin/../lib/gcc/arm-none-eabi/7.2.1/../../../../arm-none-eabi/lib/thumb/v7e-m/fpv4-sp/softfp\libg_nano.a(lib_a-memmove.o)
 .ARM.attributes
                0x00000591       0x32 d:/iti/arm/02- tools/03- imt sdk/imt_sdk_win_64/imt_sdk_win_64/winarm/armgcc/bin/../lib/gcc/arm-none-eabi/7.2.1/../../../../arm-none-eabi/lib/thumb/v7e-m/fpv4-sp/softfp\libg_nano.a(lib_a-nano-freer.o)
 .ARM.attributes
                0x000005c3       0x32 d:/iti/arm/02- tools/03- imt sdk/imt_sdk_win_64/imt_sdk_win_64/winarm/armgcc/bin/../lib/gcc/arm-none-eabi/7.2.1/../../../../arm-none-eabi/lib/thumb/v7e-m/fpv4-sp/softfp\libg_nano.a(lib_a-nano-mallocr.o)
 .ARM.attributes
                0x000005f5       0x32 d:/iti/arm/02- tools/03- imt sdk/imt_sdk_win_64/imt_sdk_win_64/winarm/armgcc/bin/../lib/gcc/arm-none-eabi/7.2.1/../../../../arm-none-eabi/lib/thumb/v7e-m/fpv4-sp/softfp\libg_nano.a(lib_a-nano-reallocr.o)
 .ARM.attributes
                0x00000627       0x32 d:/iti/arm/02- tools/03- imt sdk/imt_sdk_win_64/imt_sdk_win_64/winarm/armgcc/bin/../lib/gcc/arm-none-eabi/7.2.1/../../../../arm-none-eabi/lib/thumb/v7e-m/fpv4-sp/softfp\libg_nano.a(lib_a-sbrkr.o)
 .ARM.attributes
                0x00000659       0x32 d:/iti/arm/02- tools/03- imt sdk/imt_sdk_win_64/imt_sdk_win_64/winarm/armgcc/bin/../lib/gcc/arm-none-eabi/7.2.1/../../../../arm-none-eabi/lib/thumb/v7e-m/fpv4-sp/softfp\libg_nano.a(lib_a-mlock.o)
 .ARM.attributes
                0x0000068b       0x32 d:/iti/arm/02- tools/03- imt sdk/imt_sdk_win_64/imt_sdk_win_64/winarm/armgcc/bin/../lib/gcc/arm-none-eabi/7.2.1/../../../../arm-none-eabi/lib/thumb/v7e-m/fpv4-sp/softfp\libg_nano.a(lib_a-nano-msizer.o)

.debug
 *(.debug)

.line
 *(.line)

.debug_srcinfo
 *(.debug_srcinfo)

.debug_sfnames
 *(.debug_sfnames)

.debug_aranges  0x00000000      0x720
 *(.debug_aranges)
 .debug_aranges
                0x00000000       0x28 ./system/src/newlib/_exit.o
 .debug_aranges
                0x00000028       0x20 ./system/src/newlib/_sbrk.o
 .debug_aranges
                0x00000048       0x40 ./system/src/newlib/_startup.o
 .debug_aranges
                0x00000088       0x30 ./system/src/newlib/_syscalls.o
 .debug_aranges
                0x000000b8       0x38 ./system/src/diag/Trace.o
 .debug_aranges
                0x000000f0       0x30 ./system/src/diag/trace_impl.o
 .debug_aranges
                0x00000120       0x28 ./system/src/cortexm/_initialize_hardware.o
 .debug_aranges
                0x00000148       0x90 ./system/src/cortexm/exception_handlers.o
 .debug_aranges
                0x000001d8       0x28 ./system/src/cmsis/system_stm32f4xx.o
 .debug_aranges
                0x00000200       0x20 ./system/src/cmsis/vectors_stm32f401xc.o
 .debug_aranges
                0x00000220       0x50 ./src/GPIO_Program.o
 .debug_aranges
                0x00000270       0x30 ./src/RCC_Program.o
 .debug_aranges
                0x000002a0       0x60 ./src/heap_4.o
 .debug_aranges
                0x00000300       0x40 ./src/list.o
 .debug_aranges
                0x00000340       0x38 ./src/main.o
 .debug_aranges
                0x00000378       0x80 ./src/port.o
 .debug_aranges
                0x000003f8       0xe8 ./src/queue.o
 .debug_aranges
                0x000004e0      0x168 ./src/tasks.o
 .debug_aranges
                0x00000648       0xd8 ./src/timers.o

.debug_pubnames
 *(.debug_pubnames)

.debug_info     0x00000000     0xef49
 *(.debug_info .gnu.linkonce.wi.*)
 .debug_info    0x00000000      0x956 ./system/src/newlib/_exit.o
 .debug_info    0x00000956      0x942 ./system/src/newlib/_sbrk.o
 .debug_info    0x00001298      0x4bf ./system/src/newlib/_startup.o
 .debug_info    0x00001757      0xa19 ./system/src/newlib/_syscalls.o
 .debug_info    0x00002170      0xb2a ./system/src/diag/Trace.o
 .debug_info    0x00002c9a      0xb6b ./system/src/diag/trace_impl.o
 .debug_info    0x00003805      0xade ./system/src/cortexm/_initialize_hardware.o
 .debug_info    0x000042e3     0x115a ./system/src/cortexm/exception_handlers.o
 .debug_info    0x0000543d      0xcfe ./system/src/cmsis/system_stm32f4xx.o
 .debug_info    0x0000613b       0xca ./system/src/cmsis/vectors_stm32f401xc.o
 .debug_info    0x00006205      0x258 ./src/GPIO_Program.o
 .debug_info    0x0000645d      0x11d ./src/RCC_Program.o
 .debug_info    0x0000657a      0xdef ./src/heap_4.o
 .debug_info    0x00007369      0xac2 ./src/list.o
 .debug_info    0x00007e2b      0x5f2 ./src/main.o
 .debug_info    0x0000841d      0x54e ./src/port.o
 .debug_info    0x0000896b     0x2563 ./src/queue.o
 .debug_info    0x0000aece     0x27ae ./src/tasks.o
 .debug_info    0x0000d67c     0x18cd ./src/timers.o

.debug_abbrev   0x00000000     0x2955
 *(.debug_abbrev)
 .debug_abbrev  0x00000000      0x1f3 ./system/src/newlib/_exit.o
 .debug_abbrev  0x000001f3      0x1fc ./system/src/newlib/_sbrk.o
 .debug_abbrev  0x000003ef      0x1cb ./system/src/newlib/_startup.o
 .debug_abbrev  0x000005ba      0x234 ./system/src/newlib/_syscalls.o
 .debug_abbrev  0x000007ee      0x276 ./system/src/diag/Trace.o
 .debug_abbrev  0x00000a64      0x2ef ./system/src/diag/trace_impl.o
 .debug_abbrev  0x00000d53      0x1de ./system/src/cortexm/_initialize_hardware.o
 .debug_abbrev  0x00000f31      0x32b ./system/src/cortexm/exception_handlers.o
 .debug_abbrev  0x0000125c      0x216 ./system/src/cmsis/system_stm32f4xx.o
 .debug_abbrev  0x00001472       0x9d ./system/src/cmsis/vectors_stm32f401xc.o
 .debug_abbrev  0x0000150f       0xd3 ./src/GPIO_Program.o
 .debug_abbrev  0x000015e2       0xaf ./src/RCC_Program.o
 .debug_abbrev  0x00001691      0x350 ./src/heap_4.o
 .debug_abbrev  0x000019e1      0x223 ./src/list.o
 .debug_abbrev  0x00001c04      0x118 ./src/main.o
 .debug_abbrev  0x00001d1c      0x22c ./src/port.o
 .debug_abbrev  0x00001f48      0x332 ./src/queue.o
 .debug_abbrev  0x0000227a      0x3ba ./src/tasks.o
 .debug_abbrev  0x00002634      0x321 ./src/timers.o

.debug_line     0x00000000     0x6eea
 *(.debug_line)
 .debug_line    0x00000000      0x3ab ./system/src/newlib/_exit.o
 .debug_line    0x000003ab      0x35f ./system/src/newlib/_sbrk.o
 .debug_line    0x0000070a      0x427 ./system/src/newlib/_startup.o
 .debug_line    0x00000b31      0x48c ./system/src/newlib/_syscalls.o
 .debug_line    0x00000fbd      0x427 ./system/src/diag/Trace.o
 .debug_line    0x000013e4      0xb1b ./system/src/diag/trace_impl.o
 .debug_line    0x00001eff      0xa84 ./system/src/cortexm/_initialize_hardware.o
 .debug_line    0x00002983      0xbd2 ./system/src/cortexm/exception_handlers.o
 .debug_line    0x00003555      0xa8a ./system/src/cmsis/system_stm32f4xx.o
 .debug_line    0x00003fdf      0x119 ./system/src/cmsis/vectors_stm32f401xc.o
 .debug_line    0x000040f8      0x24a ./src/GPIO_Program.o
 .debug_line    0x00004342       0xe6 ./src/RCC_Program.o
 .debug_line    0x00004428      0x4f4 ./src/heap_4.o
 .debug_line    0x0000491c      0x3ce ./src/list.o
 .debug_line    0x00004cea      0x23a ./src/main.o
 .debug_line    0x00004f24      0x300 ./src/port.o
 .debug_line    0x00005224      0xa2d ./src/queue.o
 .debug_line    0x00005c51      0xc20 ./src/tasks.o
 .debug_line    0x00006871      0x679 ./src/timers.o

.debug_frame    0x00000000     0x14b0
 *(.debug_frame)
 .debug_frame   0x00000000       0x38 ./system/src/newlib/_exit.o
 .debug_frame   0x00000038       0x28 ./system/src/newlib/_sbrk.o
 .debug_frame   0x00000060       0x7c ./system/src/newlib/_startup.o
 .debug_frame   0x000000dc       0x50 ./system/src/newlib/_syscalls.o
 .debug_frame   0x0000012c       0x94 ./system/src/diag/Trace.o
 .debug_frame   0x000001c0       0x64 ./system/src/diag/trace_impl.o
 .debug_frame   0x00000224       0x40 ./system/src/cortexm/_initialize_hardware.o
 .debug_frame   0x00000264      0x158 ./system/src/cortexm/exception_handlers.o
 .debug_frame   0x000003bc       0x30 ./system/src/cmsis/system_stm32f4xx.o
 .debug_frame   0x000003ec       0x20 ./system/src/cmsis/vectors_stm32f401xc.o
 .debug_frame   0x0000040c       0xbc ./src/GPIO_Program.o
 .debug_frame   0x000004c8       0x40 ./src/RCC_Program.o
 .debug_frame   0x00000508       0xec ./src/heap_4.o
 .debug_frame   0x000005f4       0x6c ./src/list.o
 .debug_frame   0x00000660       0x70 ./src/main.o
 .debug_frame   0x000006d0      0x100 ./src/port.o
 .debug_frame   0x000007d0      0x2ec ./src/queue.o
 .debug_frame   0x00000abc      0x484 ./src/tasks.o
 .debug_frame   0x00000f40      0x288 ./src/timers.o
 .debug_frame   0x000011c8       0x20 d:/iti/arm/02- tools/03- imt sdk/imt_sdk_win_64/imt_sdk_win_64/winarm/armgcc/bin/../lib/gcc/arm-none-eabi/7.2.1/../../../../arm-none-eabi/lib/thumb/v7e-m/fpv4-sp/softfp\libg_nano.a(lib_a-errno.o)
 .debug_frame   0x000011e8       0x28 d:/iti/arm/02- tools/03- imt sdk/imt_sdk_win_64/imt_sdk_win_64/winarm/armgcc/bin/../lib/gcc/arm-none-eabi/7.2.1/../../../../arm-none-eabi/lib/thumb/v7e-m/fpv4-sp/softfp\libg_nano.a(lib_a-memcpy-stub.o)
 .debug_frame   0x00001210       0x20 d:/iti/arm/02- tools/03- imt sdk/imt_sdk_win_64/imt_sdk_win_64/winarm/armgcc/bin/../lib/gcc/arm-none-eabi/7.2.1/../../../../arm-none-eabi/lib/thumb/v7e-m/fpv4-sp/softfp\libg_nano.a(lib_a-memset.o)
 .debug_frame   0x00001230       0x4c d:/iti/arm/02- tools/03- imt sdk/imt_sdk_win_64/imt_sdk_win_64/winarm/armgcc/bin/../lib/gcc/arm-none-eabi/7.2.1/../../../../arm-none-eabi/lib/thumb/v7e-m/fpv4-sp/softfp\libg_nano.a(lib_a-vsnprintf.o)
 .debug_frame   0x0000127c       0x90 d:/iti/arm/02- tools/03- imt sdk/imt_sdk_win_64/imt_sdk_win_64/winarm/armgcc/bin/../lib/gcc/arm-none-eabi/7.2.1/../../../../arm-none-eabi/lib/thumb/v7e-m/fpv4-sp/softfp\libg_nano.a(lib_a-nano-svfprintf.o)
 .debug_frame   0x0000130c       0x60 d:/iti/arm/02- tools/03- imt sdk/imt_sdk_win_64/imt_sdk_win_64/winarm/armgcc/bin/../lib/gcc/arm-none-eabi/7.2.1/../../../../arm-none-eabi/lib/thumb/v7e-m/fpv4-sp/softfp\libg_nano.a(lib_a-nano-vfprintf_i.o)
 .debug_frame   0x0000136c       0x28 d:/iti/arm/02- tools/03- imt sdk/imt_sdk_win_64/imt_sdk_win_64/winarm/armgcc/bin/../lib/gcc/arm-none-eabi/7.2.1/../../../../arm-none-eabi/lib/thumb/v7e-m/fpv4-sp/softfp\libg_nano.a(lib_a-memmove.o)
 .debug_frame   0x00001394       0x38 d:/iti/arm/02- tools/03- imt sdk/imt_sdk_win_64/imt_sdk_win_64/winarm/armgcc/bin/../lib/gcc/arm-none-eabi/7.2.1/../../../../arm-none-eabi/lib/thumb/v7e-m/fpv4-sp/softfp\libg_nano.a(lib_a-nano-freer.o)
 .debug_frame   0x000013cc       0x2c d:/iti/arm/02- tools/03- imt sdk/imt_sdk_win_64/imt_sdk_win_64/winarm/armgcc/bin/../lib/gcc/arm-none-eabi/7.2.1/../../../../arm-none-eabi/lib/thumb/v7e-m/fpv4-sp/softfp\libg_nano.a(lib_a-nano-mallocr.o)
 .debug_frame   0x000013f8       0x3c d:/iti/arm/02- tools/03- imt sdk/imt_sdk_win_64/imt_sdk_win_64/winarm/armgcc/bin/../lib/gcc/arm-none-eabi/7.2.1/../../../../arm-none-eabi/lib/thumb/v7e-m/fpv4-sp/softfp\libg_nano.a(lib_a-nano-reallocr.o)
 .debug_frame   0x00001434       0x2c d:/iti/arm/02- tools/03- imt sdk/imt_sdk_win_64/imt_sdk_win_64/winarm/armgcc/bin/../lib/gcc/arm-none-eabi/7.2.1/../../../../arm-none-eabi/lib/thumb/v7e-m/fpv4-sp/softfp\libg_nano.a(lib_a-sbrkr.o)
 .debug_frame   0x00001460       0x30 d:/iti/arm/02- tools/03- imt sdk/imt_sdk_win_64/imt_sdk_win_64/winarm/armgcc/bin/../lib/gcc/arm-none-eabi/7.2.1/../../../../arm-none-eabi/lib/thumb/v7e-m/fpv4-sp/softfp\libg_nano.a(lib_a-mlock.o)
 .debug_frame   0x00001490       0x20 d:/iti/arm/02- tools/03- imt sdk/imt_sdk_win_64/imt_sdk_win_64/winarm/armgcc/bin/../lib/gcc/arm-none-eabi/7.2.1/../../../../arm-none-eabi/lib/thumb/v7e-m/fpv4-sp/softfp\libg_nano.a(lib_a-nano-msizer.o)

.debug_str      0x00000000    0x7c6c2
 *(.debug_str)
 .debug_str     0x00000000     0x7d0f ./system/src/newlib/_exit.o
                               0x7ee2 (size before relaxing)
 .debug_str     0x00007d0f      0x375 ./system/src/newlib/_sbrk.o
                               0x7294 (size before relaxing)
 .debug_str     0x00008084      0xc1a ./system/src/newlib/_startup.o
                               0x6a35 (size before relaxing)
 .debug_str     0x00008c9e      0xe8b ./system/src/newlib/_syscalls.o
                               0x816f (size before relaxing)
 .debug_str     0x00009b29      0x826 ./system/src/diag/Trace.o
                               0x865a (size before relaxing)
 .debug_str     0x0000a34f    0x67a2e ./system/src/diag/trace_impl.o
                              0x70980 (size before relaxing)
 .debug_str     0x00071d7d       0xc4 ./system/src/cortexm/_initialize_hardware.o
                              0x6f712 (size before relaxing)
 .debug_str     0x00071e41      0x172 ./system/src/cortexm/exception_handlers.o
                              0x70b0a (size before relaxing)
 .debug_str     0x00071fb3      0x164 ./system/src/cmsis/system_stm32f4xx.o
                              0x6f7f3 (size before relaxing)
 .debug_str     0x00072117       0x59 ./system/src/cmsis/vectors_stm32f401xc.o
                               0x3872 (size before relaxing)
 .debug_str     0x00072170      0x89a ./src/GPIO_Program.o
                               0x361b (size before relaxing)
 .debug_str     0x00072a0a      0x895 ./src/RCC_Program.o
                               0x35df (size before relaxing)
 .debug_str     0x0007329f     0x56ae ./src/heap_4.o
                               0xc310 (size before relaxing)
 .debug_str     0x0007894d      0x119 ./src/list.o
                               0xab60 (size before relaxing)
 .debug_str     0x00078a66      0xdb2 ./src/main.o
                               0x9d60 (size before relaxing)
 .debug_str     0x00079818      0x876 ./src/port.o
                               0x947d (size before relaxing)
 .debug_str     0x0007a08e      0xa6c ./src/queue.o
                               0xd085 (size before relaxing)
 .debug_str     0x0007aafa     0x16d6 ./src/tasks.o
                               0xd854 (size before relaxing)
 .debug_str     0x0007c1d0      0x4f2 ./src/timers.o
                               0xd37a (size before relaxing)

.debug_loc      0x00000000     0x53f3
 *(.debug_loc)
 .debug_loc     0x00000000       0x85 ./system/src/newlib/_sbrk.o
 .debug_loc     0x00000085      0x2cb ./system/src/newlib/_startup.o
 .debug_loc     0x00000350       0x63 ./system/src/newlib/_syscalls.o
 .debug_loc     0x000003b3       0xf6 ./system/src/diag/Trace.o
 .debug_loc     0x000004a9      0x121 ./system/src/diag/trace_impl.o
 .debug_loc     0x000005ca      0x291 ./system/src/cortexm/exception_handlers.o
 .debug_loc     0x0000085b      0x13e ./system/src/cmsis/system_stm32f4xx.o
 .debug_loc     0x00000999     0x1055 ./src/GPIO_Program.o
 .debug_loc     0x000019ee      0x1b0 ./src/RCC_Program.o
 .debug_loc     0x00001b9e      0x3e0 ./src/heap_4.o
 .debug_loc     0x00001f7e       0x70 ./src/list.o
 .debug_loc     0x00001fee       0xdc ./src/port.o
 .debug_loc     0x000020ca     0x10c6 ./src/queue.o
 .debug_loc     0x00003190     0x178b ./src/tasks.o
 .debug_loc     0x0000491b      0xad8 ./src/timers.o

.debug_macinfo
 *(.debug_macinfo)

.debug_weaknames
 *(.debug_weaknames)

.debug_funcnames
 *(.debug_funcnames)

.debug_typenames
 *(.debug_typenames)

.debug_varnames
 *(.debug_varnames)
OUTPUT(Free_RTOS.elf elf32-littlearm)

.debug_ranges   0x00000000      0x868
 .debug_ranges  0x00000000       0x18 ./system/src/newlib/_exit.o
 .debug_ranges  0x00000018       0x10 ./system/src/newlib/_sbrk.o
 .debug_ranges  0x00000028       0x90 ./system/src/newlib/_startup.o
 .debug_ranges  0x000000b8       0x20 ./system/src/newlib/_syscalls.o
 .debug_ranges  0x000000d8       0x28 ./system/src/diag/Trace.o
 .debug_ranges  0x00000100       0x50 ./system/src/diag/trace_impl.o
 .debug_ranges  0x00000150       0x18 ./system/src/cortexm/_initialize_hardware.o
 .debug_ranges  0x00000168       0x80 ./system/src/cortexm/exception_handlers.o
 .debug_ranges  0x000001e8       0x18 ./system/src/cmsis/system_stm32f4xx.o
 .debug_ranges  0x00000200       0x10 ./system/src/cmsis/vectors_stm32f401xc.o
 .debug_ranges  0x00000210       0x40 ./src/GPIO_Program.o
 .debug_ranges  0x00000250       0x20 ./src/RCC_Program.o
 .debug_ranges  0x00000270       0x50 ./src/heap_4.o
 .debug_ranges  0x000002c0       0x30 ./src/list.o
 .debug_ranges  0x000002f0       0x28 ./src/main.o
 .debug_ranges  0x00000318       0x70 ./src/port.o
 .debug_ranges  0x00000388      0x1a0 ./src/queue.o
 .debug_ranges  0x00000528      0x278 ./src/tasks.o
 .debug_ranges  0x000007a0       0xc8 ./src/timers.o

.debug_macro    0x00000000     0x4d5c
 .debug_macro   0x00000000      0x1b4 ./system/src/newlib/_exit.o
 .debug_macro   0x000001b4      0x10e ./system/src/newlib/_exit.o
 .debug_macro   0x000002c2       0x8d ./system/src/newlib/_exit.o
 .debug_macro   0x0000034f       0x35 ./system/src/newlib/_exit.o
 .debug_macro   0x00000384      0x169 ./system/src/newlib/_sbrk.o
 .debug_macro   0x000004ed      0x174 ./system/src/newlib/_sbrk.o
 .debug_macro   0x00000661       0x10 ./system/src/newlib/_sbrk.o
 .debug_macro   0x00000671      0x23b ./system/src/newlib/_sbrk.o
 .debug_macro   0x000008ac      0x173 ./system/src/newlib/_startup.o
 .debug_macro   0x00000a1f      0xa72 ./system/src/newlib/_startup.o
 .debug_macro   0x00001491      0x217 ./system/src/newlib/_syscalls.o
 .debug_macro   0x000016a8       0x1c ./system/src/newlib/_syscalls.o
 .debug_macro   0x000016c4       0x10 ./system/src/newlib/_syscalls.o
 .debug_macro   0x000016d4       0x10 ./system/src/newlib/_syscalls.o
 .debug_macro   0x000016e4       0x10 ./system/src/newlib/_syscalls.o
 .debug_macro   0x000016f4       0x35 ./system/src/newlib/_syscalls.o
 .debug_macro   0x00001729      0x122 ./system/src/newlib/_syscalls.o
 .debug_macro   0x0000184b       0x88 ./system/src/newlib/_syscalls.o
 .debug_macro   0x000018d3       0x2b ./system/src/newlib/_syscalls.o
 .debug_macro   0x000018fe      0x118 ./system/src/newlib/_syscalls.o
 .debug_macro   0x00001a16      0x189 ./system/src/newlib/_syscalls.o
 .debug_macro   0x00001b9f       0x16 ./system/src/newlib/_syscalls.o
 .debug_macro   0x00001bb5      0x1fb ./system/src/diag/Trace.o
 .debug_macro   0x00001db0       0x4c ./system/src/diag/Trace.o
 .debug_macro   0x00001dfc       0x16 ./system/src/diag/Trace.o
 .debug_macro   0x00001e12      0x52a ./system/src/diag/trace_impl.o
 .debug_macro   0x0000233c       0x22 ./system/src/diag/trace_impl.o
 .debug_macro   0x0000235e      0x4ee ./system/src/cortexm/_initialize_hardware.o
 .debug_macro   0x0000284c      0x557 ./system/src/cortexm/exception_handlers.o
 .debug_macro   0x00002da3       0x3b ./system/src/cortexm/exception_handlers.o
 .debug_macro   0x00002dde      0x4ea ./system/src/cmsis/system_stm32f4xx.o
 .debug_macro   0x000032c8       0x34 ./system/src/cmsis/vectors_stm32f401xc.o
 .debug_macro   0x000032fc       0x40 ./src/GPIO_Program.o
 .debug_macro   0x0000333c       0x22 ./src/GPIO_Program.o
 .debug_macro   0x0000335e       0xe2 ./src/GPIO_Program.o
 .debug_macro   0x00003440       0xbe ./src/GPIO_Program.o
 .debug_macro   0x000034fe       0x3f ./src/RCC_Program.o
 .debug_macro   0x0000353d      0xa6c ./src/RCC_Program.o
 .debug_macro   0x00003fa9       0x22 ./src/RCC_Program.o
 .debug_macro   0x00003fcb       0x40 ./src/RCC_Program.o
 .debug_macro   0x0000400b       0xb8 ./src/RCC_Program.o
 .debug_macro   0x000040c3      0x1ef ./src/heap_4.o
 .debug_macro   0x000042b2      0x173 ./src/list.o
 .debug_macro   0x00004425       0xd3 ./src/main.o
 .debug_macro   0x000044f8       0x86 ./src/main.o
 .debug_macro   0x0000457e       0x62 ./src/main.o
 .debug_macro   0x000045e0      0x168 ./src/port.o
 .debug_macro   0x00004748      0x1fb ./src/queue.o
 .debug_macro   0x00004943      0x24a ./src/tasks.o
 .debug_macro   0x00004b8d       0x17 ./src/tasks.o
 .debug_macro   0x00004ba4      0x1b8 ./src/timers.o
